surface: Playwright browser E2E
invocation: timeout 300s nix develop --command bash -lc cd bins/crm-chat-web && bun run test -- --project=chromium tests/message-entities.spec.ts
timestamp_utc: 2026-07-05T08:03:12Z
Using saved setting for 'extra-substituters = https://cache.nixos.org https://nix-community.cachix.org https://nickcomua.cachix.org https://devenv.cachix.org' from ~/.local/share/nix/trusted-settings.json.
Using saved setting for 'extra-trusted-public-keys = cache.nixos.org-1:6NCHdD59X431o0gWypbMrAURkbJ16ZPMQFGspcDShjY= nix-community.cachix.org-1:mB9FSh9qf2dCimDSUo8Zy7bkq5CX+/rkCWyvRCYg3Fs= nickcomua.cachix.org-1:stcsazuAJ0uhVu6i4yXinhDenHEwKngOtystEXf++so= devenv.cachix.org-1:w1cLUi8dv3hnoSPGAuibQv+f9TZLr6cv/Hm9XgU50cw=' from ~/.local/share/nix/trusted-settings.json.
building '/nix/store/lggplj33f1wb284q2afg9dgcz70ppkp9-devenv-files-cleanup.drv'...
building '/nix/store/jd36916y52p6n58ghjwmp2rsnc8azyif-devenv-processes-backend.drv'...
building '/nix/store/g0wr0lxm5mbvdmanpwj38skz6d3yzyc8-devenv-flake-tasks.drv'...
building '/nix/store/pbaxycgj6pfpac4jshwzid33s21bns47-devenv-test.drv'...
building '/nix/store/wy82rb7wkm31wn8g89narj39294m4sza-tasks.json.drv'...
building '/nix/store/c0ih7ck73qi5qjmpnl2r62q91h6yyp5y-devenv-flake-test.drv'...
building '/nix/store/3plsr7xx39h7fiy3cfxmmb307i0inp3f-process-compose.yaml.drv'...
building '/nix/store/vafrvyzdsra8f4dknpxzvf2hfg2zchvl-devenv-up.drv'...
building '/nix/store/ckzf3rv9fdywrdc2w76ilcfyr1v61mcb-devenv-flake-up.drv'...
building '/nix/store/3r53lih15f442wdd13yyzl8mmf2pwvb2-devenv-flake-compat.drv'...
building '/nix/store/jfhjigm2qmd3vrkq5j1lzn05555f43dy-devenv-shell-env.drv'...
Running tasks     devenv:enterShell

Running           devenv:files:cleanup
Succeeded         devenv:files:cleanup (405.75ms)
Running           devenv:enterShell
Succeeded         devenv:enterShell (32.92ms)
Running           devenv:enterTest
No command        devenv:enterTest
1 Skipped, 2 Succeeded
$ secretspec run --profile e2e_web -- playwright test "--project=chromium" tests/message-entities.spec.ts
Error:   × Failed to run command
  ╰─▶ Secret 'CLERK_M2M_SECRET_KEY, TG_SESSION_FILE_1,
      VITE_CLERK_PUBLISHABLE_KEY, TEST_CLERK_PASSWORD, TEST_CLERK_USERNAME,
      TG_USER_ID_1, TG_ID, TG_HASH, CLERK_JWT_ISSUER_DOMAIN' is required but
      not set

error: script "test" exited with code 1
exit_status=1
