surface: Playwright browser E2E
invocation: timeout 300s nix develop --command bash -lc source .env inside develop; cd bins/crm-chat-web; bun run test -- --project=chromium tests/message-entities.spec.ts
timestamp_utc: 2026-07-05T08:04:08Z
Using saved setting for 'extra-substituters = https://cache.nixos.org https://nix-community.cachix.org https://nickcomua.cachix.org https://devenv.cachix.org' from ~/.local/share/nix/trusted-settings.json.
Using saved setting for 'extra-trusted-public-keys = cache.nixos.org-1:6NCHdD59X431o0gWypbMrAURkbJ16ZPMQFGspcDShjY= nix-community.cachix.org-1:mB9FSh9qf2dCimDSUo8Zy7bkq5CX+/rkCWyvRCYg3Fs= nickcomua.cachix.org-1:stcsazuAJ0uhVu6i4yXinhDenHEwKngOtystEXf++so= devenv.cachix.org-1:w1cLUi8dv3hnoSPGAuibQv+f9TZLr6cv/Hm9XgU50cw=' from ~/.local/share/nix/trusted-settings.json.
Running tasks     devenv:enterShell

Running           devenv:files:cleanup
Succeeded         devenv:files:cleanup (14.50ms)
Running           devenv:enterShell
Succeeded         devenv:enterShell (15.89ms)
Running           devenv:enterTest
No command        devenv:enterTest
1 Skipped, 2 Succeeded
$ secretspec run --profile e2e_web -- playwright test "--project=chromium" tests/message-entities.spec.ts
Error:   × Failed to run command
  ╰─▶ Secret 'CLERK_M2M_SECRET_KEY, TEST_CLERK_PASSWORD, TG_USER_ID_1,
      VITE_CLERK_PUBLISHABLE_KEY, TEST_CLERK_USERNAME, TG_HASH,
      TG_SESSION_FILE_1, TG_ID, CLERK_JWT_ISSUER_DOMAIN' is required but not
      set

error: script "test" exited with code 1
exit_status=1
