surface: Playwright real Telegram browser E2E against isolated Vite server
invocation: timeout 420s nix develop --command bash -lc source .env; export VITE_TEST_USERNAME/PASSWORD; export TEST_BASE_URL=http://127.0.0.1:5174; cd bins/crm-chat-web; bunx playwright test --project=tg-scan tests/e2e-telegram/scan-chats.spec.ts
timestamp_utc: 2026-07-05T08:08:52Z
Using saved setting for 'extra-substituters = https://cache.nixos.org https://nix-community.cachix.org https://nickcomua.cachix.org https://devenv.cachix.org' from ~/.local/share/nix/trusted-settings.json.
Using saved setting for 'extra-trusted-public-keys = cache.nixos.org-1:6NCHdD59X431o0gWypbMrAURkbJ16ZPMQFGspcDShjY= nix-community.cachix.org-1:mB9FSh9qf2dCimDSUo8Zy7bkq5CX+/rkCWyvRCYg3Fs= nickcomua.cachix.org-1:stcsazuAJ0uhVu6i4yXinhDenHEwKngOtystEXf++so= devenv.cachix.org-1:w1cLUi8dv3hnoSPGAuibQv+f9TZLr6cv/Hm9XgU50cw=' from ~/.local/share/nix/trusted-settings.json.
Running tasks     devenv:enterShell

Running           devenv:files:cleanup
Succeeded         devenv:files:cleanup (13.80ms)
Running           devenv:enterShell
Succeeded         devenv:enterShell (16.49ms)
Running           devenv:enterTest
No command        devenv:enterTest
1 Skipped, 2 Succeeded
(node:54939) [DEP0205] DeprecationWarning: `module.register()` is deprecated. Use `module.registerHooks()` instead.
(Use `node --trace-deprecation ...` to show where the warning was created)

Running 12 tests using 1 worker

[1A[2K(node:54942) Warning: The 'NO_COLOR' env is ignored due to the 'FORCE_COLOR' env being set.
(Use `node --trace-warnings ...` to show where the warning was created)


[1A[2K(node:54942) [DEP0205] DeprecationWarning: `module.register()` is deprecated. Use `module.registerHooks()` instead.

[1A[2K(node:54942) Warning: The 'NO_COLOR' env is ignored due to the 'FORCE_COLOR' env being set.
(Use `node --trace-warnings ...` to show where the warning was created)


[1A[2K[1/12] [setup] › tests/auth.setup.ts:11:1 › authenticate
[1A[2K[setup] › tests/auth.setup.ts:11:1 › authenticate
[auth.setup] Cleaned up previous data for [REDACTED_CLERK_JWT_ISSUER_DOMAIN]|user_38yVpuQZN11hAC80cZduwzW3suS

[1A[2K(node:54953) Warning: The 'NO_COLOR' env is ignored due to the 'FORCE_COLOR' env being set.
(Use `node --trace-warnings ...` to show where the warning was created)


[1A[2K(node:54953) [DEP0205] DeprecationWarning: `module.register()` is deprecated. Use `module.registerHooks()` instead.

[1A[2K(node:54953) Warning: The 'NO_COLOR' env is ignored due to the 'FORCE_COLOR' env being set.
(Use `node --trace-warnings ...` to show where the warning was created)


[1A[2K[2/12] [tg-scan] › tests/e2e-telegram/scan-chats.spec.ts:85:2 › Client Settings & Chat Scanning › settings page shows connected client with settings button
[1A[2K  1) [tg-scan] › tests/e2e-telegram/scan-chats.spec.ts:85:2 › Client Settings & Chat Scanning › settings page shows connected client with settings button 

    TimeoutError: page.waitForSelector: Timeout 10000ms exceeded.
    Call log:
    [2m  - waiting for locator('text=Chat Scanning') to be visible[22m


      65 | 		// so scanning is complete by the time "show loaded messages" test runs.
      66 | 		await page.goto(`/#/client/${registeredClientId}`);
    > 67 | 		await page.waitForSelector("text=Chat Scanning", { timeout: 10_000 });
         | 		           ^
      68 | 		const toggles = page.locator('button[aria-label^="Toggle scanning for"]');
      69 | 		await expect(toggles.first()).toBeVisible({ timeout: 10_000 });
      70 |
        at /Users/nick/Documents/crm-chat/bins/crm-chat-web/tests/e2e-telegram/scan-chats.spec.ts:67:14

    Error Context: test-results/e2e-telegram-scan-chats-Cl-f7002-client-with-settings-button-tg-scan/error-context.md


[1A[2K[3/12] [tg-scan] › tests/e2e-telegram/scan-chats.spec.ts:101:2 › Client Settings & Chat Scanning › client settings page shows chats synced by subscriber
[1A[2K[4/12] [tg-scan] › tests/e2e-telegram/scan-chats.spec.ts:117:2 › Client Settings & Chat Scanning › can toggle scan enabled for a chat
[1A[2K[5/12] [tg-scan] › tests/e2e-telegram/scan-chats.spec.ts:146:2 › Client Settings & Chat Scanning › can edit pinned name inline
[1A[2K[6/12] [tg-scan] › tests/e2e-telegram/scan-chats.spec.ts:172:2 › Client Settings & Chat Scanning › chats page shows only scan-enabled chats
[1A[2K[7/12] [tg-scan] › tests/e2e-telegram/scan-chats.spec.ts:209:2 › Client Settings & Chat Scanning › Sync Dialogs button re-syncs and client returns to Listening
[1A[2K[8/12] [tg-scan] › tests/e2e-telegram/scan-chats.spec.ts:254:2 › Client Settings & Chat Scanning › at least 1 chat has scanned messages
[1A[2K[9/12] [tg-scan] › tests/e2e-telegram/scan-chats.spec.ts:293:2 › Client Settings & Chat Scanning › real Telegram forwarded messages have forwardedFrom metadata
[1A[2K[10/12] [tg-scan] › tests/e2e-telegram/scan-chats.spec.ts:348:2 › Client Settings & Chat Scanning › rescan button triggers new scan
[1A[2K[11/12] [tg-scan] › tests/e2e-telegram/scan-chats.spec.ts:385:2 › Client Settings & Chat Scanning › toggling scan off then on triggers fresh scan
[1A[2K[12/12] [tg-scan] › tests/e2e-telegram/scan-chats.spec.ts:425:2 › Client Settings & Chat Scanning › back button navigates to settings page
[global-teardown] Cleaned up data for [REDACTED_CLERK_JWT_ISSUER_DOMAIN]|user_38yVpuQZN11hAC80cZduwzW3suS
[1A[2K  1 failed
    [tg-scan] › tests/e2e-telegram/scan-chats.spec.ts:85:2 › Client Settings & Chat Scanning › settings page shows connected client with settings button 
  10 did not run
  1 passed (15.7s)
exit_status=1
