(node:59280) [DEP0205] DeprecationWarning: `module.register()` is deprecated. Use `module.registerHooks()` instead.
(Use `node --trace-deprecation ...` to show where the warning was created)

Running 12 tests using 1 worker

[1A[2K(node:59284) Warning: The 'NO_COLOR' env is ignored due to the 'FORCE_COLOR' env being set.
(Use `node --trace-warnings ...` to show where the warning was created)


[1A[2K(node:59284) [DEP0205] DeprecationWarning: `module.register()` is deprecated. Use `module.registerHooks()` instead.

[1A[2K(node:59284) Warning: The 'NO_COLOR' env is ignored due to the 'FORCE_COLOR' env being set.
(Use `node --trace-warnings ...` to show where the warning was created)


[1A[2K[1/12] [setup] › tests/auth.setup.ts:11:1 › authenticate
[1A[2K  1) [setup] › tests/auth.setup.ts:11:1 › authenticate ─────────────────────────────────────────────

    [31mTest timeout of 30000ms exceeded.[39m

    Error: page.waitForFunction: Test timeout of 30000ms exceeded.

      17 |
      18 | 	// Wait for Clerk SDK to fully initialize before saving storage state
    > 19 | 	const clerkUserHandle = await page.waitForFunction(
         | 	                                   ^
      20 | 		() => {
      21 | 			const w = globalThis as unknown as Record<
      22 | 				string,
        at /Users/nick/Documents/crm-chat/bins/crm-chat-web/tests/auth.setup.ts:19:37

    Error Context: test-results/auth.setup.ts-authenticate-setup/error-context.md


[global-teardown] Cleaned up data for [REDACTED:CLERK_JWT_ISSUER_DOMAIN]|user_38yVpuQZN11hAC80cZduwzW3suS
[1A[2K  1 failed
    [setup] › tests/auth.setup.ts:11:1 › authenticate ──────────────────────────────────────────────
  11 did not run
