(node:59433) [DEP0205] DeprecationWarning: `module.register()` is deprecated. Use `module.registerHooks()` instead.
(Use `node --trace-deprecation ...` to show where the warning was created)

Running 11 tests using 1 worker

[1A[2K(node:59434) Warning: The 'NO_COLOR' env is ignored due to the 'FORCE_COLOR' env being set.
(Use `node --trace-warnings ...` to show where the warning was created)


[1A[2K(node:59434) [DEP0205] DeprecationWarning: `module.register()` is deprecated. Use `module.registerHooks()` instead.

[1A[2K(node:59434) Warning: The 'NO_COLOR' env is ignored due to the 'FORCE_COLOR' env being set.
(Use `node --trace-warnings ...` to show where the warning was created)


[1A[2K[1/11] [tg-scan] › tests/e2e-telegram/scan-chats.spec.ts:85:2 › Client Settings & Chat Scanning › settings page shows connected client with settings button
[1A[2K  1) [tg-scan] › tests/e2e-telegram/scan-chats.spec.ts:85:2 › Client Settings & Chat Scanning › settings page shows connected client with settings button 

    [31m"beforeAll" hook timeout of 30000ms exceeded.[39m

      26 |
      27 | test.describe("Client Settings & Chat Scanning", () => {
    > 28 | 	test.beforeAll(async ({ browser, workerBackend }) => {
         | 	     ^
      29 | 		workerCfg = workerBackend;
      30 |
      31 | 		// Load storageState explicitly — browser.newPage() doesn't inherit project-level storageState
        at /Users/nick/Documents/crm-chat/bins/crm-chat-web/tests/e2e-telegram/scan-chats.spec.ts:28:7

    Error: page.waitForFunction: Test ended.

       at helpers.ts:128

      126 | export async function getConvexUserId(page: Page): Promise<string> {
      127 | 	// Wait for Clerk SDK to initialize (loads async from CDN)
    > 128 | 	const clerkUserId = await page.waitForFunction(
          | 	                               ^
      129 | 		() => {
      130 | 			const w = globalThis as unknown as Record<
      131 | 				string,
        at getConvexUserId (/Users/nick/Documents/crm-chat/bins/crm-chat-web/tests/helpers.ts:128:33)
        at /Users/nick/Documents/crm-chat/bins/crm-chat-web/tests/e2e-telegram/scan-chats.spec.ts:39:24

    Error Context: test-results/e2e-telegram-scan-chats-Cl-f7002-client-with-settings-button-tg-scan/error-context.md


[1A[2K[2/11] [tg-scan] › tests/e2e-telegram/scan-chats.spec.ts:101:2 › Client Settings & Chat Scanning › client settings page shows chats synced by subscriber
[1A[2K[3/11] [tg-scan] › tests/e2e-telegram/scan-chats.spec.ts:117:2 › Client Settings & Chat Scanning › can toggle scan enabled for a chat
[1A[2K[4/11] [tg-scan] › tests/e2e-telegram/scan-chats.spec.ts:146:2 › Client Settings & Chat Scanning › can edit pinned name inline
[1A[2K[5/11] [tg-scan] › tests/e2e-telegram/scan-chats.spec.ts:172:2 › Client Settings & Chat Scanning › chats page shows only scan-enabled chats
[1A[2K[6/11] [tg-scan] › tests/e2e-telegram/scan-chats.spec.ts:209:2 › Client Settings & Chat Scanning › Sync Dialogs button re-syncs and client returns to Listening
[1A[2K[7/11] [tg-scan] › tests/e2e-telegram/scan-chats.spec.ts:254:2 › Client Settings & Chat Scanning › at least 1 chat has scanned messages
[1A[2K[8/11] [tg-scan] › tests/e2e-telegram/scan-chats.spec.ts:293:2 › Client Settings & Chat Scanning › real Telegram forwarded messages have forwardedFrom metadata
[1A[2K[9/11] [tg-scan] › tests/e2e-telegram/scan-chats.spec.ts:348:2 › Client Settings & Chat Scanning › rescan button triggers new scan
[1A[2K[10/11] [tg-scan] › tests/e2e-telegram/scan-chats.spec.ts:385:2 › Client Settings & Chat Scanning › toggling scan off then on triggers fresh scan
[1A[2K[11/11] [tg-scan] › tests/e2e-telegram/scan-chats.spec.ts:425:2 › Client Settings & Chat Scanning › back button navigates to settings page
[global-teardown] Cleaned up data for [REDACTED:CLERK_JWT_ISSUER_DOMAIN]|user_38yVpuQZN11hAC80cZduwzW3suS
[1A[2K  1 failed
    [tg-scan] › tests/e2e-telegram/scan-chats.spec.ts:85:2 › Client Settings & Chat Scanning › settings page shows connected client with settings button 
  10 did not run
